Traceback (most recent call last):
  File "<frozen runpy>", line 198, in _run_module_as_main
  File "<frozen runpy>", line 88, in _run_code
  File "/Users/maxghenis/CosilicoAI/microplex-us/src/microplex_us/pipelines/ecps_replacement_comparison.py", line 1170, in <module>
    raise SystemExit(main())
                     ~~~~^^
  File "/Users/maxghenis/CosilicoAI/microplex-us/src/microplex_us/pipelines/ecps_replacement_comparison.py", line 1142, in main
    written = write_sound_ecps_replacement_comparison(
        output_path,
    ...<19 lines>...
        force=args.force,
    )
  File "/Users/maxghenis/CosilicoAI/microplex-us/src/microplex_us/pipelines/ecps_replacement_comparison.py", line 345, in write_sound_ecps_replacement_comparison
    payload = build_sound_ecps_replacement_comparison(**kwargs)
  File "/Users/maxghenis/CosilicoAI/microplex-us/src/microplex_us/pipelines/ecps_replacement_comparison.py", line 120, in build_sound_ecps_replacement_comparison
    candidate_inputs = _extract_pe_native_loss_inputs(
        input_dataset_path=matched_candidate_path,
    ...<3 lines>...
        skip_tax_expenditure_targets=skip_tax_expenditure_targets,
    )
  File "/Users/maxghenis/CosilicoAI/microplex-us/src/microplex_us/pipelines/ecps_replacement_comparison.py", line 574, in _extract_pe_native_loss_inputs
    raise ValueError(
    ...<2 lines>...
    )
ValueError: sound eCPS replacement comparison uses the exact PE-native broad loss target surface; skipping tax expenditure targets is unsupported
