Traceback (most recent call last):
  File "<frozen runpy>", line 198, in _run_module_as_main
  File "<frozen runpy>", line 88, in _run_code
  File "/Users/maxghenis/CosilicoAI/microplex-us/src/microplex_us/pipelines/ecps_replacement_comparison.py", line 1170, in <module>
    raise SystemExit(main())
                     ~~~~^^
  File "/Users/maxghenis/CosilicoAI/microplex-us/src/microplex_us/pipelines/ecps_replacement_comparison.py", line 1142, in main
    written = write_sound_ecps_replacement_comparison(
        output_path,
    ...<19 lines>...
        force=args.force,
    )
  File "/Users/maxghenis/CosilicoAI/microplex-us/src/microplex_us/pipelines/ecps_replacement_comparison.py", line 345, in write_sound_ecps_replacement_comparison
    payload = build_sound_ecps_replacement_comparison(**kwargs)
  File "/Users/maxghenis/CosilicoAI/microplex-us/src/microplex_us/pipelines/ecps_replacement_comparison.py", line 127, in build_sound_ecps_replacement_comparison
    baseline_inputs = _extract_pe_native_loss_inputs(
        input_dataset_path=matched_baseline_path,
    ...<3 lines>...
        skip_tax_expenditure_targets=skip_tax_expenditure_targets,
    )
  File "/Users/maxghenis/CosilicoAI/microplex-us/src/microplex_us/pipelines/ecps_replacement_comparison.py", line 608, in _extract_pe_native_loss_inputs
    raise RuntimeError(f"PE-native loss-matrix extraction failed: {detail}")
RuntimeError: PE-native loss-matrix extraction failed: Traceback (most recent call last):
  File "<string>", line 36, in <module>
    loss_matrix, targets_array = build_loss_matrix(dataset_cls, PERIOD)
                                 ~~~~~~~~~~~~~~~~~^^^^^^^^^^^^^^^^^^^^^
  File "/Users/maxghenis/PolicyEngine/policyengine-us-data/policyengine_us_data/utils/loss.py", line 121, in build_loss_matrix
    df = pe_to_soi(dataset, time_period)
  File "/Users/maxghenis/PolicyEngine/policyengine-us-data/policyengine_us_data/utils/soi.py", line 19, in pe_to_soi
    df["itemded"] = pe("itemized_taxable_income_deductions")
                    ~~^^^^^^^^^^^^^^^^^^^^^^^^^^^^^^^^^^^^^^
  File "/Users/maxghenis/PolicyEngine/policyengine-us-data/policyengine_us_data/utils/soi.py", line 15, in pe
    return np.array(pe_sim.calculate(variable, map_to="tax_unit"))
                    ~~~~~~~~~~~~~~~~^^^^^^^^^^^^^^^^^^^^^^^^^^^^^
  File "/Users/maxghenis/PolicyEngine/policyengine-us-data/.venv/lib/python3.13/site-packages/policyengine_core/simulations/microsimulation.py", line 54, in calculate
    values = super().calculate(variable_name, period, map_to, decode_enums)
  File "/Users/maxghenis/PolicyEngine/policyengine-us-data/.venv/lib/python3.13/site-packages/policyengine_core/simulations/simulation.py", line 491, in calculate
    result = self._calculate(variable_name, period)
  File "/Users/maxghenis/PolicyEngine/policyengine-us-data/.venv/lib/python3.13/site-packages/policyengine_core/simulations/simulation.py", line 721, in _calculate
    array = self._run_formula(variable, population, period)
  File "/Users/maxghenis/PolicyEngine/policyengine-us-data/.venv/lib/python3.13/site-packages/policyengine_core/simulations/simulation.py", line 1011, in _run_formula
    array = formula(population, period, parameters_at)
  File "/Users/maxghenis/PolicyEngine/policyengine-us-data/.venv/lib/python3.13/site-packages/policyengine_us/variables/gov/irs/income/taxable_income/deductions/itemizing/itemized_taxable_income_deductions.py", line 12, in formula
    total_deductions = tax_unit(
        "total_itemized_taxable_income_deductions", period
    )
  File "/Users/maxghenis/PolicyEngine/policyengine-us-data/.venv/lib/python3.13/site-packages/policyengine_core/populations/group_population.py", line 38, in __call__
    return super().__call__(variable_name, period, options)
           ~~~~~~~~~~~~~~~~^^^^^^^^^^^^^^^^^^^^^^^^^^^^^^^^
  File "/Users/maxghenis/PolicyEngine/policyengine-us-data/.venv/lib/python3.13/site-packages/policyengine_core/populations/population.py", line 142, in __call__
    return self.simulation.calculate(
           ~~~~~~~~~~~~~~~~~~~~~~~~~^
        variable_name, period, **calculate_kwargs
        ^^^^^^^^^^^^^^^^^^^^^^^^^^^^^^^^^^^^^^^^^
    )
    ^
  File "/Users/maxghenis/PolicyEngine/policyengine-us-data/.venv/lib/python3.13/site-packages/policyengine_core/simulations/microsimulation.py", line 54, in calculate
    values = super().calculate(variable_name, period, map_to, decode_enums)
  File "/Users/maxghenis/PolicyEngine/policyengine-us-data/.venv/lib/python3.13/site-packages/policyengine_core/simulations/simulation.py", line 491, in calculate
    result = self._calculate(variable_name, period)
  File "/Users/maxghenis/PolicyEngine/policyengine-us-data/.venv/lib/python3.13/site-packages/policyengine_core/simulations/simulation.py", line 721, in _calculate
    array = self._run_formula(variable, population, period)
  File "/Users/maxghenis/PolicyEngine/policyengine-us-data/.venv/lib/python3.13/site-packages/policyengine_core/simulations/simulation.py", line 946, in _run_formula
    values = values + self.calculate(
                      ~~~~~~~~~~~~~~^
        added_variable, period, map_to=variable.entity.key
        ^^^^^^^^^^^^^^^^^^^^^^^^^^^^^^^^^^^^^^^^^^^^^^^^^^
    )
    ^
  File "/Users/maxghenis/PolicyEngine/policyengine-us-data/.venv/lib/python3.13/site-packages/policyengine_core/simulations/microsimulation.py", line 54, in calculate
    values = super().calculate(variable_name, period, map_to, decode_enums)
  File "/Users/maxghenis/PolicyEngine/policyengine-us-data/.venv/lib/python3.13/site-packages/policyengine_core/simulations/simulation.py", line 491, in calculate
    result = self._calculate(variable_name, period)
  File "/Users/maxghenis/PolicyEngine/policyengine-us-data/.venv/lib/python3.13/site-packages/policyengine_core/simulations/simulation.py", line 721, in _calculate
    array = self._run_formula(variable, population, period)
  File "/Users/maxghenis/PolicyEngine/policyengine-us-data/.venv/lib/python3.13/site-packages/policyengine_core/simulations/simulation.py", line 1011, in _run_formula
    array = formula(population, period, parameters_at)
  File "/Users/maxghenis/PolicyEngine/policyengine-us-data/.venv/lib/python3.13/site-packages/policyengine_us/variables/gov/irs/income/taxable_income/deductions/itemizing/salt_deduction.py", line 14, in formula
    reported_salt = tax_unit("reported_salt", period)
  File "/Users/maxghenis/PolicyEngine/policyengine-us-data/.venv/lib/python3.13/site-packages/policyengine_core/populations/group_population.py", line 38, in __call__
    return super().__call__(variable_name, period, options)
           ~~~~~~~~~~~~~~~~^^^^^^^^^^^^^^^^^^^^^^^^^^^^^^^^
  File "/Users/maxghenis/PolicyEngine/policyengine-us-data/.venv/lib/python3.13/site-packages/policyengine_core/populations/population.py", line 142, in __call__
    return self.simulation.calculate(
           ~~~~~~~~~~~~~~~~~~~~~~~~~^
        variable_name, period, **calculate_kwargs
        ^^^^^^^^^^^^^^^^^^^^^^^^^^^^^^^^^^^^^^^^^
    )
    ^
  File "/Users/maxghenis/PolicyEngine/policyengine-us-data/.venv/lib/python3.13/site-packages/policyengine_core/simulations/microsimulation.py", line 54, in calculate
    values = super().calculate(variable_name, period, map_to, decode_enums)
  File "/Users/maxghenis/PolicyEngine/policyengine-us-data/.venv/lib/python3.13/site-packages/policyengine_core/simulations/simulation.py", line 491, in calculate
    result = self._calculate(variable_name, period)
  File "/Users/maxghenis/PolicyEngine/policyengine-us-data/.venv/lib/python3.13/site-packages/policyengine_core/simulations/simulation.py", line 721, in _calculate
    array = self._run_formula(variable, population, period)
  File "/Users/maxghenis/PolicyEngine/policyengine-us-data/.venv/lib/python3.13/site-packages/policyengine_core/simulations/simulation.py", line 1011, in _run_formula
    array = formula(population, period, parameters_at)
  File "/Users/maxghenis/PolicyEngine/policyengine-us-data/.venv/lib/python3.13/site-packages/policyengine_us/variables/gov/irs/income/taxable_income/deductions/itemizing/reported_salt.py", line 12, in formula
    salt = tax_unit("salt", period)
  File "/Users/maxghenis/PolicyEngine/policyengine-us-data/.venv/lib/python3.13/site-packages/policyengine_core/populations/group_population.py", line 38, in __call__
    return super().__call__(variable_name, period, options)
           ~~~~~~~~~~~~~~~~^^^^^^^^^^^^^^^^^^^^^^^^^^^^^^^^
  File "/Users/maxghenis/PolicyEngine/policyengine-us-data/.venv/lib/python3.13/site-packages/policyengine_core/populations/population.py", line 142, in __call__
    return self.simulation.calculate(
           ~~~~~~~~~~~~~~~~~~~~~~~~~^
        variable_name, period, **calculate_kwargs
        ^^^^^^^^^^^^^^^^^^^^^^^^^^^^^^^^^^^^^^^^^
    )
    ^
  File "/Users/maxghenis/PolicyEngine/policyengine-us-data/.venv/lib/python3.13/site-packages/policyengine_core/simulations/microsimulation.py", line 54, in calculate
    values = super().calculate(variable_name, period, map_to, decode_enums)
  File "/Users/maxghenis/PolicyEngine/policyengine-us-data/.venv/lib/python3.13/site-packages/policyengine_core/simulations/simulation.py", line 491, in calculate
    result = self._calculate(variable_name, period)
  File "/Users/maxghenis/PolicyEngine/policyengine-us-data/.venv/lib/python3.13/site-packages/policyengine_core/simulations/simulation.py", line 721, in _calculate
    array = self._run_formula(variable, population, period)
  File "/Users/maxghenis/PolicyEngine/policyengine-us-data/.venv/lib/python3.13/site-packages/policyengine_core/simulations/simulation.py", line 946, in _run_formula
    values = values + self.calculate(
                      ~~~~~~~~~~~~~~^
        added_variable, period, map_to=variable.entity.key
        ^^^^^^^^^^^^^^^^^^^^^^^^^^^^^^^^^^^^^^^^^^^^^^^^^^
    )
    ^
  File "/Users/maxghenis/PolicyEngine/policyengine-us-data/.venv/lib/python3.13/site-packages/policyengine_core/simulations/microsimulation.py", line 54, in calculate
    values = super().calculate(variable_name, period, map_to, decode_enums)
  File "/Users/maxghenis/PolicyEngine/policyengine-us-data/.venv/lib/python3.13/site-packages/policyengine_core/simulations/simulation.py", line 491, in calculate
    result = self._calculate(variable_name, period)
  File "/Users/maxghenis/PolicyEngine/policyengine-us-data/.venv/lib/python3.13/site-packages/policyengine_core/simulations/simulation.py", line 721, in _calculate
    array = self._run_formula(variable, population, period)
  File "/Users/maxghenis/PolicyEngine/policyengine-us-data/.venv/lib/python3.13/site-packages/policyengine_core/simulations/simulation.py", line 1011, in _run_formula
    array = formula(population, period, parameters_at)
  File "/Users/maxghenis/PolicyEngine/policyengine-us-data/.venv/lib/python3.13/site-packages/policyengine_us/variables/gov/irs/income/taxable_income/deductions/itemizing/state_and_local_sales_or_income_tax.py", line 13, in formula
    income_tax = add(
        tax_unit, period, ["state_withheld_income_tax", "local_income_tax"]
    )
  File "/Users/maxghenis/PolicyEngine/policyengine-us-data/.venv/lib/python3.13/site-packages/policyengine_core/commons/formulas.py", line 232, in add
    return for_each_variable(
        entity, period, variables, agg_func="add", options=options
    )
  File "/Users/maxghenis/PolicyEngine/policyengine-us-data/.venv/lib/python3.13/site-packages/policyengine_core/commons/formulas.py", line 188, in for_each_variable
    values = entity(variable, period, options=options)
  File "/Users/maxghenis/PolicyEngine/policyengine-us-data/.venv/lib/python3.13/site-packages/policyengine_core/populations/group_population.py", line 38, in __call__
    return super().__call__(variable_name, period, options)
           ~~~~~~~~~~~~~~~~^^^^^^^^^^^^^^^^^^^^^^^^^^^^^^^^
  File "/Users/maxghenis/PolicyEngine/policyengine-us-data/.venv/lib/python3.13/site-packages/policyengine_core/populations/population.py", line 142, in __call__
    return self.simulation.calculate(
           ~~~~~~~~~~~~~~~~~~~~~~~~~^
        variable_name, period, **calculate_kwargs
        ^^^^^^^^^^^^^^^^^^^^^^^^^^^^^^^^^^^^^^^^^
    )
    ^
  File "/Users/maxghenis/PolicyEngine/policyengine-us-data/.venv/lib/python3.13/site-packages/policyengine_core/simulations/microsimulation.py", line 54, in calculate
    values = super().calculate(variable_name, period, map_to, decode_enums)
  File "/Users/maxghenis/PolicyEngine/policyengine-us-data/.venv/lib/python3.13/site-packages/policyengine_core/simulations/simulation.py", line 491, in calculate
    result = self._calculate(variable_name, period)
  File "/Users/maxghenis/PolicyEngine/policyengine-us-data/.venv/lib/python3.13/site-packages/policyengine_core/simulations/simulation.py", line 721, in _calculate
    array = self._run_formula(variable, population, period)
  File "/Users/maxghenis/PolicyEngine/policyengine-us-data/.venv/lib/python3.13/site-packages/policyengine_core/simulations/simulation.py", line 946, in _run_formula
    values = values + self.calculate(
                      ~~~~~~~~~~~~~~^
        added_variable, period, map_to=variable.entity.key
        ^^^^^^^^^^^^^^^^^^^^^^^^^^^^^^^^^^^^^^^^^^^^^^^^^^
    )
    ^
  File "/Users/maxghenis/PolicyEngine/policyengine-us-data/.venv/lib/python3.13/site-packages/policyengine_core/simulations/microsimulation.py", line 54, in calculate
    values = super().calculate(variable_name, period, map_to, decode_enums)
  File "/Users/maxghenis/PolicyEngine/policyengine-us-data/.venv/lib/python3.13/site-packages/policyengine_core/simulations/simulation.py", line 491, in calculate
    result = self._calculate(variable_name, period)
  File "/Users/maxghenis/PolicyEngine/policyengine-us-data/.venv/lib/python3.13/site-packages/policyengine_core/simulations/simulation.py", line 721, in _calculate
    array = self._run_formula(variable, population, period)
  File "/Users/maxghenis/PolicyEngine/policyengine-us-data/.venv/lib/python3.13/site-packages/policyengine_core/simulations/simulation.py", line 946, in _run_formula
    values = values + self.calculate(
                      ~~~~~~~~~~~~~~^
        added_variable, period, map_to=variable.entity.key
        ^^^^^^^^^^^^^^^^^^^^^^^^^^^^^^^^^^^^^^^^^^^^^^^^^^
    )
    ^
  File "/Users/maxghenis/PolicyEngine/policyengine-us-data/.venv/lib/python3.13/site-packages/policyengine_core/simulations/microsimulation.py", line 54, in calculate
    values = super().calculate(variable_name, period, map_to, decode_enums)
  File "/Users/maxghenis/PolicyEngine/policyengine-us-data/.venv/lib/python3.13/site-packages/policyengine_core/simulations/simulation.py", line 491, in calculate
    result = self._calculate(variable_name, period)
  File "/Users/maxghenis/PolicyEngine/policyengine-us-data/.venv/lib/python3.13/site-packages/policyengine_core/simulations/simulation.py", line 721, in _calculate
    array = self._run_formula(variable, population, period)
  File "/Users/maxghenis/PolicyEngine/policyengine-us-data/.venv/lib/python3.13/site-packages/policyengine_core/simulations/simulation.py", line 1011, in _run_formula
    array = formula(population, period, parameters_at)
  File "/Users/maxghenis/PolicyEngine/policyengine-us-data/.venv/lib/python3.13/site-packages/policyengine_us/variables/gov/local/ny/nyc/tax/income/nyc_income_tax_before_refundable_credits.py", line 13, in formula
    income_tax_before_credits = tax_unit(
        "nyc_income_tax_before_credits", period
    )
  File "/Users/maxghenis/PolicyEngine/policyengine-us-data/.venv/lib/python3.13/site-packages/policyengine_core/populations/group_population.py", line 38, in __call__
    return super().__call__(variable_name, period, options)
           ~~~~~~~~~~~~~~~~^^^^^^^^^^^^^^^^^^^^^^^^^^^^^^^^
  File "/Users/maxghenis/PolicyEngine/policyengine-us-data/.venv/lib/python3.13/site-packages/policyengine_core/populations/population.py", line 142, in __call__
    return self.simulation.calculate(
           ~~~~~~~~~~~~~~~~~~~~~~~~~^
        variable_name, period, **calculate_kwargs
        ^^^^^^^^^^^^^^^^^^^^^^^^^^^^^^^^^^^^^^^^^
    )
    ^
  File "/Users/maxghenis/PolicyEngine/policyengine-us-data/.venv/lib/python3.13/site-packages/policyengine_core/simulations/microsimulation.py", line 54, in calculate
    values = super().calculate(variable_name, period, map_to, decode_enums)
  File "/Users/maxghenis/PolicyEngine/policyengine-us-data/.venv/lib/python3.13/site-packages/policyengine_core/simulations/simulation.py", line 491, in calculate
    result = self._calculate(variable_name, period)
  File "/Users/maxghenis/PolicyEngine/policyengine-us-data/.venv/lib/python3.13/site-packages/policyengine_core/simulations/simulation.py", line 721, in _calculate
    array = self._run_formula(variable, population, period)
  File "/Users/maxghenis/PolicyEngine/policyengine-us-data/.venv/lib/python3.13/site-packages/policyengine_core/simulations/simulation.py", line 1011, in _run_formula
    array = formula(population, period, parameters_at)
  File "/Users/maxghenis/PolicyEngine/policyengine-us-data/.venv/lib/python3.13/site-packages/policyengine_us/variables/gov/local/ny/nyc/tax/income/nyc_income_tax_before_credits.py", line 13, in formula
    taxable_income = tax_unit("nyc_taxable_income", period)
  File "/Users/maxghenis/PolicyEngine/policyengine-us-data/.venv/lib/python3.13/site-packages/policyengine_core/populations/group_population.py", line 38, in __call__
    return super().__call__(variable_name, period, options)
           ~~~~~~~~~~~~~~~~^^^^^^^^^^^^^^^^^^^^^^^^^^^^^^^^
  File "/Users/maxghenis/PolicyEngine/policyengine-us-data/.venv/lib/python3.13/site-packages/policyengine_core/populations/population.py", line 142, in __call__
    return self.simulation.calculate(
           ~~~~~~~~~~~~~~~~~~~~~~~~~^
        variable_name, period, **calculate_kwargs
        ^^^^^^^^^^^^^^^^^^^^^^^^^^^^^^^^^^^^^^^^^
    )
    ^
  File "/Users/maxghenis/PolicyEngine/policyengine-us-data/.venv/lib/python3.13/site-packages/policyengine_core/simulations/microsimulation.py", line 54, in calculate
    values = super().calculate(variable_name, period, map_to, decode_enums)
  File "/Users/maxghenis/PolicyEngine/policyengine-us-data/.venv/lib/python3.13/site-packages/policyengine_core/simulations/simulation.py", line 491, in calculate
    result = self._calculate(variable_name, period)
  File "/Users/maxghenis/PolicyEngine/policyengine-us-data/.venv/lib/python3.13/site-packages/policyengine_core/simulations/simulation.py", line 721, in _calculate
    array = self._run_formula(variable, population, period)
  File "/Users/maxghenis/PolicyEngine/policyengine-us-data/.venv/lib/python3.13/site-packages/policyengine_core/simulations/simulation.py", line 946, in _run_formula
    values = values + self.calculate(
                      ~~~~~~~~~~~~~~^
        added_variable, period, map_to=variable.entity.key
        ^^^^^^^^^^^^^^^^^^^^^^^^^^^^^^^^^^^^^^^^^^^^^^^^^^
    )
    ^
  File "/Users/maxghenis/PolicyEngine/policyengine-us-data/.venv/lib/python3.13/site-packages/policyengine_core/simulations/microsimulation.py", line 54, in calculate
    values = super().calculate(variable_name, period, map_to, decode_enums)
  File "/Users/maxghenis/PolicyEngine/policyengine-us-data/.venv/lib/python3.13/site-packages/policyengine_core/simulations/simulation.py", line 491, in calculate
    result = self._calculate(variable_name, period)
  File "/Users/maxghenis/PolicyEngine/policyengine-us-data/.venv/lib/python3.13/site-packages/policyengine_core/simulations/simulation.py", line 721, in _calculate
    array = self._run_formula(variable, population, period)
  File "/Users/maxghenis/PolicyEngine/policyengine-us-data/.venv/lib/python3.13/site-packages/policyengine_core/simulations/simulation.py", line 1011, in _run_formula
    array = formula(population, period, parameters_at)
  File "/Users/maxghenis/PolicyEngine/policyengine-us-data/.venv/lib/python3.13/site-packages/policyengine_us/variables/gov/states/ny/tax/income/taxable_income/ny_taxable_income.py", line 16, in formula
    deductions = tax_unit("ny_deductions", period)
  File "/Users/maxghenis/PolicyEngine/policyengine-us-data/.venv/lib/python3.13/site-packages/policyengine_core/populations/group_population.py", line 38, in __call__
    return super().__call__(variable_name, period, options)
           ~~~~~~~~~~~~~~~~^^^^^^^^^^^^^^^^^^^^^^^^^^^^^^^^
  File "/Users/maxghenis/PolicyEngine/policyengine-us-data/.venv/lib/python3.13/site-packages/policyengine_core/populations/population.py", line 142, in __call__
    return self.simulation.calculate(
           ~~~~~~~~~~~~~~~~~~~~~~~~~^
        variable_name, period, **calculate_kwargs
        ^^^^^^^^^^^^^^^^^^^^^^^^^^^^^^^^^^^^^^^^^
    )
    ^
  File "/Users/maxghenis/PolicyEngine/policyengine-us-data/.venv/lib/python3.13/site-packages/policyengine_core/simulations/microsimulation.py", line 54, in calculate
    values = super().calculate(variable_name, period, map_to, decode_enums)
  File "/Users/maxghenis/PolicyEngine/policyengine-us-data/.venv/lib/python3.13/site-packages/policyengine_core/simulations/simulation.py", line 491, in calculate
    result = self._calculate(variable_name, period)
  File "/Users/maxghenis/PolicyEngine/policyengine-us-data/.venv/lib/python3.13/site-packages/policyengine_core/simulations/simulation.py", line 721, in _calculate
    array = self._run_formula(variable, population, period)
  File "/Users/maxghenis/PolicyEngine/policyengine-us-data/.venv/lib/python3.13/site-packages/policyengine_core/simulations/simulation.py", line 1011, in _run_formula
    array = formula(population, period, parameters_at)
  File "/Users/maxghenis/PolicyEngine/policyengine-us-data/.venv/lib/python3.13/site-packages/policyengine_us/variables/gov/states/ny/tax/income/taxable_income/ny_deductions.py", line 15, in formula
    tax_unit("ny_itemized_deductions", period),
    ~~~~~~~~^^^^^^^^^^^^^^^^^^^^^^^^^^^^^^^^^^
  File "/Users/maxghenis/PolicyEngine/policyengine-us-data/.venv/lib/python3.13/site-packages/policyengine_core/populations/group_population.py", line 38, in __call__
    return super().__call__(variable_name, period, options)
           ~~~~~~~~~~~~~~~~^^^^^^^^^^^^^^^^^^^^^^^^^^^^^^^^
  File "/Users/maxghenis/PolicyEngine/policyengine-us-data/.venv/lib/python3.13/site-packages/policyengine_core/populations/population.py", line 142, in __call__
    return self.simulation.calculate(
           ~~~~~~~~~~~~~~~~~~~~~~~~~^
        variable_name, period, **calculate_kwargs
        ^^^^^^^^^^^^^^^^^^^^^^^^^^^^^^^^^^^^^^^^^
    )
    ^
  File "/Users/maxghenis/PolicyEngine/policyengine-us-data/.venv/lib/python3.13/site-packages/policyengine_core/simulations/microsimulation.py", line 54, in calculate
    values = super().calculate(variable_name, period, map_to, decode_enums)
  File "/Users/maxghenis/PolicyEngine/policyengine-us-data/.venv/lib/python3.13/site-packages/policyengine_core/simulations/simulation.py", line 491, in calculate
    result = self._calculate(variable_name, period)
  File "/Users/maxghenis/PolicyEngine/policyengine-us-data/.venv/lib/python3.13/site-packages/policyengine_core/simulations/simulation.py", line 721, in _calculate
    array = self._run_formula(variable, population, period)
  File "/Users/maxghenis/PolicyEngine/policyengine-us-data/.venv/lib/python3.13/site-packages/policyengine_core/simulations/simulation.py", line 946, in _run_formula
    values = values + self.calculate(
                      ~~~~~~~~~~~~~~^
        added_variable, period, map_to=variable.entity.key
        ^^^^^^^^^^^^^^^^^^^^^^^^^^^^^^^^^^^^^^^^^^^^^^^^^^
    )
    ^
  File "/Users/maxghenis/PolicyEngine/policyengine-us-data/.venv/lib/python3.13/site-packages/policyengine_core/simulations/microsimulation.py", line 54, in calculate
    values = super().calculate(variable_name, period, map_to, decode_enums)
  File "/Users/maxghenis/PolicyEngine/policyengine-us-data/.venv/lib/python3.13/site-packages/policyengine_core/simulations/simulation.py", line 491, in calculate
    result = self._calculate(variable_name, period)
  File "/Users/maxghenis/PolicyEngine/policyengine-us-data/.venv/lib/python3.13/site-packages/policyengine_core/simulations/simulation.py", line 721, in _calculate
    array = self._run_formula(variable, population, period)
  File "/Users/maxghenis/PolicyEngine/policyengine-us-data/.venv/lib/python3.13/site-packages/policyengine_core/simulations/simulation.py", line 946, in _run_formula
    values = values + self.calculate(
                      ~~~~~~~~~~~~~~^
        added_variable, period, map_to=variable.entity.key
        ^^^^^^^^^^^^^^^^^^^^^^^^^^^^^^^^^^^^^^^^^^^^^^^^^^
    )
    ^
  File "/Users/maxghenis/PolicyEngine/policyengine-us-data/.venv/lib/python3.13/site-packages/policyengine_core/simulations/microsimulation.py", line 54, in calculate
    values = super().calculate(variable_name, period, map_to, decode_enums)
  File "/Users/maxghenis/PolicyEngine/policyengine-us-data/.venv/lib/python3.13/site-packages/policyengine_core/simulations/simulation.py", line 491, in calculate
    result = self._calculate(variable_name, period)
  File "/Users/maxghenis/PolicyEngine/policyengine-us-data/.venv/lib/python3.13/site-packages/policyengine_core/simulations/simulation.py", line 721, in _calculate
    array = self._run_formula(variable, population, period)
  File "/Users/maxghenis/PolicyEngine/policyengine-us-data/.venv/lib/python3.13/site-packages/policyengine_core/simulations/simulation.py", line 1011, in _run_formula
    array = formula(population, period, parameters_at)
  File "/Users/maxghenis/PolicyEngine/policyengine-us-data/.venv/lib/python3.13/site-packages/policyengine_us/variables/gov/states/ny/tax/income/taxable_income/deductions/itemized/pre_tcja/ny_salt_deduction.py", line 27, in formula
    sales_tax = add(
        tax_unit, period, ["state_sales_tax", "local_sales_tax"]
    )
  File "/Users/maxghenis/PolicyEngine/policyengine-us-data/.venv/lib/python3.13/site-packages/policyengine_core/commons/formulas.py", line 232, in add
    return for_each_variable(
        entity, period, variables, agg_func="add", options=options
    )
  File "/Users/maxghenis/PolicyEngine/policyengine-us-data/.venv/lib/python3.13/site-packages/policyengine_core/commons/formulas.py", line 188, in for_each_variable
    values = entity(variable, period, options=options)
  File "/Users/maxghenis/PolicyEngine/policyengine-us-data/.venv/lib/python3.13/site-packages/policyengine_core/populations/group_population.py", line 38, in __call__
    return super().__call__(variable_name, period, options)
           ~~~~~~~~~~~~~~~~^^^^^^^^^^^^^^^^^^^^^^^^^^^^^^^^
  File "/Users/maxghenis/PolicyEngine/policyengine-us-data/.venv/lib/python3.13/site-packages/policyengine_core/populations/population.py", line 142, in __call__
    return self.simulation.calculate(
           ~~~~~~~~~~~~~~~~~~~~~~~~~^
        variable_name, period, **calculate_kwargs
        ^^^^^^^^^^^^^^^^^^^^^^^^^^^^^^^^^^^^^^^^^
    )
    ^
  File "/Users/maxghenis/PolicyEngine/policyengine-us-data/.venv/lib/python3.13/site-packages/policyengine_core/simulations/microsimulation.py", line 54, in calculate
    values = super().calculate(variable_name, period, map_to, decode_enums)
  File "/Users/maxghenis/PolicyEngine/policyengine-us-data/.venv/lib/python3.13/site-packages/policyengine_core/simulations/simulation.py", line 491, in calculate
    result = self._calculate(variable_name, period)
  File "/Users/maxghenis/PolicyEngine/policyengine-us-data/.venv/lib/python3.13/site-packages/policyengine_core/simulations/simulation.py", line 721, in _calculate
    array = self._run_formula(variable, population, period)
  File "/Users/maxghenis/PolicyEngine/policyengine-us-data/.venv/lib/python3.13/site-packages/policyengine_core/simulations/simulation.py", line 1011, in _run_formula
    array = formula(population, period, parameters_at)
  File "/Users/maxghenis/PolicyEngine/policyengine-us-data/.venv/lib/python3.13/site-packages/policyengine_us/variables/gov/states/tax/sales/state_sales_tax.py", line 20, in formula
    tax_unit("state_sales_tax_income_bracket", period), 1
    ~~~~~~~~^^^^^^^^^^^^^^^^^^^^^^^^^^^^^^^^^^^^^^^^^^
  File "/Users/maxghenis/PolicyEngine/policyengine-us-data/.venv/lib/python3.13/site-packages/policyengine_core/populations/group_population.py", line 38, in __call__
    return super().__call__(variable_name, period, options)
           ~~~~~~~~~~~~~~~~^^^^^^^^^^^^^^^^^^^^^^^^^^^^^^^^
  File "/Users/maxghenis/PolicyEngine/policyengine-us-data/.venv/lib/python3.13/site-packages/policyengine_core/populations/population.py", line 142, in __call__
    return self.simulation.calculate(
           ~~~~~~~~~~~~~~~~~~~~~~~~~^
        variable_name, period, **calculate_kwargs
        ^^^^^^^^^^^^^^^^^^^^^^^^^^^^^^^^^^^^^^^^^
    )
    ^
  File "/Users/maxghenis/PolicyEngine/policyengine-us-data/.venv/lib/python3.13/site-packages/policyengine_core/simulations/microsimulation.py", line 54, in calculate
    values = super().calculate(variable_name, period, map_to, decode_enums)
  File "/Users/maxghenis/PolicyEngine/policyengine-us-data/.venv/lib/python3.13/site-packages/policyengine_core/simulations/simulation.py", line 491, in calculate
    result = self._calculate(variable_name, period)
  File "/Users/maxghenis/PolicyEngine/policyengine-us-data/.venv/lib/python3.13/site-packages/policyengine_core/simulations/simulation.py", line 721, in _calculate
    array = self._run_formula(variable, population, period)
  File "/Users/maxghenis/PolicyEngine/policyengine-us-data/.venv/lib/python3.13/site-packages/policyengine_core/simulations/simulation.py", line 1011, in _run_formula
    array = formula(population, period, parameters_at)
  File "/Users/maxghenis/PolicyEngine/policyengine-us-data/.venv/lib/python3.13/site-packages/policyengine_us/variables/gov/irs/deductions/itemized/salt_and_real_estate/state_sales_tax_income_bracket.py", line 14, in formula
    income = add(tax_unit, period, p.income_sources)
  File "/Users/maxghenis/PolicyEngine/policyengine-us-data/.venv/lib/python3.13/site-packages/policyengine_core/commons/formulas.py", line 232, in add
    return for_each_variable(
        entity, period, variables, agg_func="add", options=options
    )
  File "/Users/maxghenis/PolicyEngine/policyengine-us-data/.venv/lib/python3.13/site-packages/policyengine_core/commons/formulas.py", line 202, in for_each_variable
    variable_population(variable, period)
    ~~~~~~~~~~~~~~~~~~~^^^^^^^^^^^^^^^^^^
  File "/Users/maxghenis/PolicyEngine/policyengine-us-data/.venv/lib/python3.13/site-packages/policyengine_core/populations/group_population.py", line 38, in __call__
    return super().__call__(variable_name, period, options)
           ~~~~~~~~~~~~~~~~^^^^^^^^^^^^^^^^^^^^^^^^^^^^^^^^
  File "/Users/maxghenis/PolicyEngine/policyengine-us-data/.venv/lib/python3.13/site-packages/policyengine_core/populations/population.py", line 142, in __call__
    return self.simulation.calculate(
           ~~~~~~~~~~~~~~~~~~~~~~~~~^
        variable_name, period, **calculate_kwargs
        ^^^^^^^^^^^^^^^^^^^^^^^^^^^^^^^^^^^^^^^^^
    )
    ^
  File "/Users/maxghenis/PolicyEngine/policyengine-us-data/.venv/lib/python3.13/site-packages/policyengine_core/simulations/microsimulation.py", line 54, in calculate
    values = super().calculate(variable_name, period, map_to, decode_enums)
  File "/Users/maxghenis/PolicyEngine/policyengine-us-data/.venv/lib/python3.13/site-packages/policyengine_core/simulations/simulation.py", line 491, in calculate
    result = self._calculate(variable_name, period)
  File "/Users/maxghenis/PolicyEngine/policyengine-us-data/.venv/lib/python3.13/site-packages/policyengine_core/simulations/simulation.py", line 721, in _calculate
    array = self._run_formula(variable, population, period)
  File "/Users/maxghenis/PolicyEngine/policyengine-us-data/.venv/lib/python3.13/site-packages/policyengine_core/simulations/simulation.py", line 1011, in _run_formula
    array = formula(population, period, parameters_at)
  File "/Users/maxghenis/PolicyEngine/policyengine-us-data/.venv/lib/python3.13/site-packages/policyengine_us/variables/gov/hhs/tanf/cash/tanf.py", line 79, in formula
    value = add(spm_unit, period, STATE_TANF_VARIABLES)
  File "/Users/maxghenis/PolicyEngine/policyengine-us-data/.venv/lib/python3.13/site-packages/policyengine_core/commons/formulas.py", line 232, in add
    return for_each_variable(
        entity, period, variables, agg_func="add", options=options
    )
  File "/Users/maxghenis/PolicyEngine/policyengine-us-data/.venv/lib/python3.13/site-packages/policyengine_core/commons/formulas.py", line 188, in for_each_variable
    values = entity(variable, period, options=options)
  File "/Users/maxghenis/PolicyEngine/policyengine-us-data/.venv/lib/python3.13/site-packages/policyengine_core/populations/group_population.py", line 38, in __call__
    return super().__call__(variable_name, period, options)
           ~~~~~~~~~~~~~~~~^^^^^^^^^^^^^^^^^^^^^^^^^^^^^^^^
  File "/Users/maxghenis/PolicyEngine/policyengine-us-data/.venv/lib/python3.13/site-packages/policyengine_core/populations/population.py", line 142, in __call__
    return self.simulation.calculate(
           ~~~~~~~~~~~~~~~~~~~~~~~~~^
        variable_name, period, **calculate_kwargs
        ^^^^^^^^^^^^^^^^^^^^^^^^^^^^^^^^^^^^^^^^^
    )
    ^
  File "/Users/maxghenis/PolicyEngine/policyengine-us-data/.venv/lib/python3.13/site-packages/policyengine_core/simulations/microsimulation.py", line 54, in calculate
    values = super().calculate(variable_name, period, map_to, decode_enums)
  File "/Users/maxghenis/PolicyEngine/policyengine-us-data/.venv/lib/python3.13/site-packages/policyengine_core/simulations/simulation.py", line 491, in calculate
    result = self._calculate(variable_name, period)
  File "/Users/maxghenis/PolicyEngine/policyengine-us-data/.venv/lib/python3.13/site-packages/policyengine_core/simulations/simulation.py", line 687, in _calculate
    values = self.calculate_add(variable_name, period)
  File "/Users/maxghenis/PolicyEngine/policyengine-us-data/.venv/lib/python3.13/site-packages/policyengine_core/simulations/microsimulation.py", line 67, in calculate_add
    values = super().calculate_add(variable_name, period, map_to)
  File "/Users/maxghenis/PolicyEngine/policyengine-us-data/.venv/lib/python3.13/site-packages/policyengine_core/simulations/simulation.py", line 852, in calculate_add
    result = sum(
        self.calculate(variable_name, sub_period)
        for sub_period in period.get_subperiods(variable.definition_period)
    )
  File "/Users/maxghenis/PolicyEngine/policyengine-us-data/.venv/lib/python3.13/site-packages/policyengine_core/simulations/simulation.py", line 853, in <genexpr>
    self.calculate(variable_name, sub_period)
    ~~~~~~~~~~~~~~^^^^^^^^^^^^^^^^^^^^^^^^^^^
  File "/Users/maxghenis/PolicyEngine/policyengine-us-data/.venv/lib/python3.13/site-packages/policyengine_core/simulations/microsimulation.py", line 54, in calculate
    values = super().calculate(variable_name, period, map_to, decode_enums)
  File "/Users/maxghenis/PolicyEngine/policyengine-us-data/.venv/lib/python3.13/site-packages/policyengine_core/simulations/simulation.py", line 491, in calculate
    result = self._calculate(variable_name, period)
  File "/Users/maxghenis/PolicyEngine/policyengine-us-data/.venv/lib/python3.13/site-packages/policyengine_core/simulations/simulation.py", line 721, in _calculate
    array = self._run_formula(variable, population, period)
  File "/Users/maxghenis/PolicyEngine/policyengine-us-data/.venv/lib/python3.13/site-packages/policyengine_core/simulations/simulation.py", line 1011, in _run_formula
    array = formula(population, period, parameters_at)
  File "/Users/maxghenis/PolicyEngine/policyengine-us-data/.venv/lib/python3.13/site-packages/policyengine_us/variables/gov/states/de/dhss/tanf/de_tanf.py", line 25, in formula
    remainder = deficit * p.benefit.deficit_rate
                          ^^^^^^^^^^^^^^^^^^^^^^
  File "/Users/maxghenis/PolicyEngine/policyengine-us-data/.venv/lib/python3.13/site-packages/policyengine_core/parameters/parameter_node_at_instant.py", line 51, in __getattr__
    raise ParameterNotFoundError(param_name, self._instant_str)
policyengine_core.errors.parameter_not_found_error.ParameterNotFoundError: The parameter 'gov.states.de.dhss.tanf.benefit[deficit_rate]' was not found in the 2024-01-01 tax and benefit system.
